Archive member included to satisfy reference by file (symbol)

c:/program files (x86)/gnu tools arm embedded/5.4 2016q2/bin/../lib/gcc/arm-none-eabi/5.4.1/../../../../arm-none-eabi/lib/armv7-m\libg.a(lib_a-exit.o)
                              c:/program files (x86)/gnu tools arm embedded/5.4 2016q2/bin/../lib/gcc/arm-none-eabi/5.4.1/../../../../arm-none-eabi/lib/armv7-m/crt0.o (exit)
c:/program files (x86)/gnu tools arm embedded/5.4 2016q2/bin/../lib/gcc/arm-none-eabi/5.4.1/../../../../arm-none-eabi/lib/armv7-m\libg.a(lib_a-impure.o)
                              c:/program files (x86)/gnu tools arm embedded/5.4 2016q2/bin/../lib/gcc/arm-none-eabi/5.4.1/../../../../arm-none-eabi/lib/armv7-m\libg.a(lib_a-exit.o) (_global_impure_ptr)
c:/program files (x86)/gnu tools arm embedded/5.4 2016q2/bin/../lib/gcc/arm-none-eabi/5.4.1/../../../../arm-none-eabi/lib/armv7-m\libg.a(lib_a-init.o)
                              c:/program files (x86)/gnu tools arm embedded/5.4 2016q2/bin/../lib/gcc/arm-none-eabi/5.4.1/../../../../arm-none-eabi/lib/armv7-m/crt0.o (__libc_init_array)
c:/program files (x86)/gnu tools arm embedded/5.4 2016q2/bin/../lib/gcc/arm-none-eabi/5.4.1/../../../../arm-none-eabi/lib/armv7-m\libg.a(lib_a-memset.o)
                              c:/program files (x86)/gnu tools arm embedded/5.4 2016q2/bin/../lib/gcc/arm-none-eabi/5.4.1/../../../../arm-none-eabi/lib/armv7-m/crt0.o (memset)
c:/program files (x86)/gnu tools arm embedded/5.4 2016q2/bin/../lib/gcc/arm-none-eabi/5.4.1/../../../../arm-none-eabi/lib/armv7-m\libg.a(lib_a-__call_atexit.o)
                              c:/program files (x86)/gnu tools arm embedded/5.4 2016q2/bin/../lib/gcc/arm-none-eabi/5.4.1/../../../../arm-none-eabi/lib/armv7-m\libg.a(lib_a-exit.o) (__call_exitprocs)
c:/program files (x86)/gnu tools arm embedded/5.4 2016q2/bin/../lib/gcc/arm-none-eabi/5.4.1/../../../../arm-none-eabi/lib/armv7-m\libg.a(lib_a-atexit.o)
                              c:/program files (x86)/gnu tools arm embedded/5.4 2016q2/bin/../lib/gcc/arm-none-eabi/5.4.1/../../../../arm-none-eabi/lib/armv7-m\libg.a(lib_a-__call_atexit.o) (atexit)
c:/program files (x86)/gnu tools arm embedded/5.4 2016q2/bin/../lib/gcc/arm-none-eabi/5.4.1/../../../../arm-none-eabi/lib/armv7-m\libg.a(lib_a-fini.o)
                              c:/program files (x86)/gnu tools arm embedded/5.4 2016q2/bin/../lib/gcc/arm-none-eabi/5.4.1/../../../../arm-none-eabi/lib/armv7-m\libg.a(lib_a-__call_atexit.o) (__libc_fini_array)
c:/program files (x86)/gnu tools arm embedded/5.4 2016q2/bin/../lib/gcc/arm-none-eabi/5.4.1/../../../../arm-none-eabi/lib/armv7-m\libg.a(lib_a-__atexit.o)
                              c:/program files (x86)/gnu tools arm embedded/5.4 2016q2/bin/../lib/gcc/arm-none-eabi/5.4.1/../../../../arm-none-eabi/lib/armv7-m\libg.a(lib_a-atexit.o) (__register_exitproc)

Allocating common symbols
Common symbol       size              file

ProcFlash           0x14              ..\obj\stm32l1xx_hal_flash.o

Discarded input sections

 .text          0x00000000        0x0 c:/program files (x86)/gnu tools arm embedded/5.4 2016q2/bin/../lib/gcc/arm-none-eabi/5.4.1/armv7-m/crti.o
 .data          0x00000000        0x0 c:/program files (x86)/gnu tools arm embedded/5.4 2016q2/bin/../lib/gcc/arm-none-eabi/5.4.1/armv7-m/crti.o
 .bss           0x00000000        0x0 c:/program files (x86)/gnu tools arm embedded/5.4 2016q2/bin/../lib/gcc/arm-none-eabi/5.4.1/armv7-m/crti.o
 .data          0x00000000        0x4 c:/program files (x86)/gnu tools arm embedded/5.4 2016q2/bin/../lib/gcc/arm-none-eabi/5.4.1/armv7-m/crtbegin.o
 .text          0x00000000       0x74 c:/program files (x86)/gnu tools arm embedded/5.4 2016q2/bin/../lib/gcc/arm-none-eabi/5.4.1/../../../../arm-none-eabi/lib/armv7-m/crt0.o
 .data          0x00000000        0x0 c:/program files (x86)/gnu tools arm embedded/5.4 2016q2/bin/../lib/gcc/arm-none-eabi/5.4.1/../../../../arm-none-eabi/lib/armv7-m/crt0.o
 .bss           0x00000000        0x0 c:/program files (x86)/gnu tools arm embedded/5.4 2016q2/bin/../lib/gcc/arm-none-eabi/5.4.1/../../../../arm-none-eabi/lib/armv7-m/crt0.o
 .ARM.extab     0x00000000        0x0 c:/program files (x86)/gnu tools arm embedded/5.4 2016q2/bin/../lib/gcc/arm-none-eabi/5.4.1/../../../../arm-none-eabi/lib/armv7-m/crt0.o
 .ARM.exidx     0x00000000        0x8 c:/program files (x86)/gnu tools arm embedded/5.4 2016q2/bin/../lib/gcc/arm-none-eabi/5.4.1/../../../../arm-none-eabi/lib/armv7-m/crt0.o
 .ARM.attributes
                0x00000000       0x1b c:/program files (x86)/gnu tools arm embedded/5.4 2016q2/bin/../lib/gcc/arm-none-eabi/5.4.1/../../../../arm-none-eabi/lib/armv7-m/crt0.o
 .text          0x00000000      0x284 ..\obj\stm32l1xx_hal_rcc_ex.o
 .data          0x00000000        0x0 ..\obj\stm32l1xx_hal_rcc_ex.o
 .bss           0x00000000        0x0 ..\obj\stm32l1xx_hal_rcc_ex.o
 .debug_info    0x00000000      0x56f ..\obj\stm32l1xx_hal_rcc_ex.o
 .debug_abbrev  0x00000000      0x1c1 ..\obj\stm32l1xx_hal_rcc_ex.o
 .debug_aranges
                0x00000000       0x20 ..\obj\stm32l1xx_hal_rcc_ex.o
 .debug_line    0x00000000      0x31b ..\obj\stm32l1xx_hal_rcc_ex.o
 .debug_str     0x00000000      0x35e ..\obj\stm32l1xx_hal_rcc_ex.o
 .comment       0x00000000       0x6f ..\obj\stm32l1xx_hal_rcc_ex.o
 .debug_frame   0x00000000       0xac ..\obj\stm32l1xx_hal_rcc_ex.o
 .ARM.attributes
                0x00000000       0x33 ..\obj\stm32l1xx_hal_rcc_ex.o
 .data          0x00000000        0x0 ..\obj\TIMs.o
 .text          0x00000000     0x3524 ..\obj\stm32l1xx_hal_tim.o
 .data          0x00000000        0x0 ..\obj\stm32l1xx_hal_tim.o
 .bss           0x00000000        0x0 ..\obj\stm32l1xx_hal_tim.o
 .debug_info    0x00000000     0x2038 ..\obj\stm32l1xx_hal_tim.o
 .debug_abbrev  0x00000000      0x1f7 ..\obj\stm32l1xx_hal_tim.o
 .debug_aranges
                0x00000000       0x20 ..\obj\stm32l1xx_hal_tim.o
 .debug_line    0x00000000      0xacc ..\obj\stm32l1xx_hal_tim.o
 .debug_str     0x00000000     0x1251 ..\obj\stm32l1xx_hal_tim.o
 .comment       0x00000000       0x6f ..\obj\stm32l1xx_hal_tim.o
 .debug_frame   0x00000000      0xf68 ..\obj\stm32l1xx_hal_tim.o
 .ARM.attributes
                0x00000000       0x33 ..\obj\stm32l1xx_hal_tim.o
 .text          0x00000000        0x0 ..\obj\stm32l1xx_hal_sram.o
 .data          0x00000000        0x0 ..\obj\stm32l1xx_hal_sram.o
 .bss           0x00000000        0x0 ..\obj\stm32l1xx_hal_sram.o
 .debug_info    0x00000000       0x8e ..\obj\stm32l1xx_hal_sram.o
 .debug_abbrev  0x00000000       0x49 ..\obj\stm32l1xx_hal_sram.o
 .debug_aranges
                0x00000000       0x18 ..\obj\stm32l1xx_hal_sram.o
 .debug_line    0x00000000      0x154 ..\obj\stm32l1xx_hal_sram.o
 .debug_str     0x00000000      0x192 ..\obj\stm32l1xx_hal_sram.o
 .comment       0x00000000       0x6f ..\obj\stm32l1xx_hal_sram.o
 .ARM.attributes
                0x00000000       0x33 ..\obj\stm32l1xx_hal_sram.o
 .text          0x00000000        0x0 ..\obj\stm32l1xx_hal_sd.o
 .data          0x00000000        0x0 ..\obj\stm32l1xx_hal_sd.o
 .bss           0x00000000        0x0 ..\obj\stm32l1xx_hal_sd.o
 .debug_info    0x00000000       0x8e ..\obj\stm32l1xx_hal_sd.o
 .debug_abbrev  0x00000000       0x49 ..\obj\stm32l1xx_hal_sd.o
 .debug_aranges
                0x00000000       0x18 ..\obj\stm32l1xx_hal_sd.o
 .debug_line    0x00000000      0x154 ..\obj\stm32l1xx_hal_sd.o
 .debug_str     0x00000000      0x190 ..\obj\stm32l1xx_hal_sd.o
 .comment       0x00000000       0x6f ..\obj\stm32l1xx_hal_sd.o
 .ARM.attributes
                0x00000000       0x33 ..\obj\stm32l1xx_hal_sd.o
 .text          0x00000000      0xfa0 ..\obj\stm32l1xx_hal_adc.o
 .data          0x00000000        0x0 ..\obj\stm32l1xx_hal_adc.o
 .bss           0x00000000        0x0 ..\obj\stm32l1xx_hal_adc.o
 .debug_info    0x00000000      0xf28 ..\obj\stm32l1xx_hal_adc.o
 .debug_abbrev  0x00000000      0x228 ..\obj\stm32l1xx_hal_adc.o
 .debug_aranges
                0x00000000       0x20 ..\obj\stm32l1xx_hal_adc.o
 .debug_line    0x00000000      0x54c ..\obj\stm32l1xx_hal_adc.o
 .debug_str     0x00000000      0xa64 ..\obj\stm32l1xx_hal_adc.o
 .comment       0x00000000       0x6f ..\obj\stm32l1xx_hal_adc.o
 .debug_frame   0x00000000      0x410 ..\obj\stm32l1xx_hal_adc.o
 .ARM.attributes
                0x00000000       0x33 ..\obj\stm32l1xx_hal_adc.o
 .text          0x00000000     0x1718 ..\obj\stm32l1xx_hal_uart.o
 .data          0x00000000        0x0 ..\obj\stm32l1xx_hal_uart.o
 .bss           0x00000000        0x0 ..\obj\stm32l1xx_hal_uart.o
 .debug_info    0x00000000      0xdef ..\obj\stm32l1xx_hal_uart.o
 .debug_abbrev  0x00000000      0x1d6 ..\obj\stm32l1xx_hal_uart.o
 .debug_aranges
                0x00000000       0x20 ..\obj\stm32l1xx_hal_uart.o
 .debug_line    0x00000000      0x6ed ..\obj\stm32l1xx_hal_uart.o
 .debug_str     0x00000000      0x986 ..\obj\stm32l1xx_hal_uart.o
 .comment       0x00000000       0x6f ..\obj\stm32l1xx_hal_uart.o
 .debug_frame   0x00000000      0x5e0 ..\obj\stm32l1xx_hal_uart.o
 .ARM.attributes
                0x00000000       0x33 ..\obj\stm32l1xx_hal_uart.o
 .text          0x00000000       0x84 ..\obj\stm32l1xx_hal_pcd_ex.o
 .data          0x00000000        0x0 ..\obj\stm32l1xx_hal_pcd_ex.o
 .bss           0x00000000        0x0 ..\obj\stm32l1xx_hal_pcd_ex.o
 .debug_info    0x00000000      0x52a ..\obj\stm32l1xx_hal_pcd_ex.o
 .debug_abbrev  0x00000000      0x140 ..\obj\stm32l1xx_hal_pcd_ex.o
 .debug_aranges
                0x00000000       0x20 ..\obj\stm32l1xx_hal_pcd_ex.o
 .debug_line    0x00000000      0x231 ..\obj\stm32l1xx_hal_pcd_ex.o
 .debug_str     0x00000000      0x4a3 ..\obj\stm32l1xx_hal_pcd_ex.o
 .comment       0x00000000       0x6f ..\obj\stm32l1xx_hal_pcd_ex.o
 .debug_frame   0x00000000       0x38 ..\obj\stm32l1xx_hal_pcd_ex.o
 .ARM.attributes
                0x00000000       0x33 ..\obj\stm32l1xx_hal_pcd_ex.o
 .text          0x00000000     0x20d4 ..\obj\stm32l1xx_hal_pcd.o
 .data          0x00000000        0x0 ..\obj\stm32l1xx_hal_pcd.o
 .bss           0x00000000        0x0 ..\obj\stm32l1xx_hal_pcd.o
 .debug_info    0x00000000     0x1097 ..\obj\stm32l1xx_hal_pcd.o
 .debug_abbrev  0x00000000      0x257 ..\obj\stm32l1xx_hal_pcd.o
 .debug_aranges
                0x00000000       0x20 ..\obj\stm32l1xx_hal_pcd.o
 .debug_line    0x00000000      0x6bc ..\obj\stm32l1xx_hal_pcd.o
 .debug_str     0x00000000      0x850 ..\obj\stm32l1xx_hal_pcd.o
 .comment       0x00000000       0x6f ..\obj\stm32l1xx_hal_pcd.o
 .debug_frame   0x00000000      0x5ac ..\obj\stm32l1xx_hal_pcd.o
 .ARM.attributes
                0x00000000       0x33 ..\obj\stm32l1xx_hal_pcd.o
 .text          0x00000000       0xb4 ..\obj\stm32l1xx_hal_spi_ex.o
 .data          0x00000000        0x0 ..\obj\stm32l1xx_hal_spi_ex.o
 .bss           0x00000000        0x0 ..\obj\stm32l1xx_hal_spi_ex.o
 .debug_info    0x00000000      0x579 ..\obj\stm32l1xx_hal_spi_ex.o
 .debug_abbrev  0x00000000      0x122 ..\obj\stm32l1xx_hal_spi_ex.o
 .debug_aranges
                0x00000000       0x20 ..\obj\stm32l1xx_hal_spi_ex.o
 .debug_line    0x00000000      0x253 ..\obj\stm32l1xx_hal_spi_ex.o
 .debug_str     0x00000000      0x62d ..\obj\stm32l1xx_hal_spi_ex.o
 .comment       0x00000000       0x6f ..\obj\stm32l1xx_hal_spi_ex.o
 .debug_frame   0x00000000       0x34 ..\obj\stm32l1xx_hal_spi_ex.o
 .ARM.attributes
                0x00000000       0x33 ..\obj\stm32l1xx_hal_spi_ex.o
 .text          0x00000000        0x0 ..\obj\stm32l1xx_hal_opamp.o
 .data          0x00000000        0x0 ..\obj\stm32l1xx_hal_opamp.o
 .bss           0x00000000        0x0 ..\obj\stm32l1xx_hal_opamp.o
 .debug_info    0x00000000       0x8e ..\obj\stm32l1xx_hal_opamp.o
 .debug_abbrev  0x00000000       0x49 ..\obj\stm32l1xx_hal_opamp.o
 .debug_aranges
                0x00000000       0x18 ..\obj\stm32l1xx_hal_opamp.o
 .debug_line    0x00000000      0x154 ..\obj\stm32l1xx_hal_opamp.o
 .debug_str     0x00000000      0x193 ..\obj\stm32l1xx_hal_opamp.o
 .comment       0x00000000       0x6f ..\obj\stm32l1xx_hal_opamp.o
 .ARM.attributes
                0x00000000       0x33 ..\obj\stm32l1xx_hal_opamp.o
 .data          0x00000000        0x0 ..\obj\Clock.o
 .bss           0x00000000        0x0 ..\obj\Clock.o
 .text          0x00000000      0x584 ..\obj\stm32l1xx_hal_comp.o
 .data          0x00000000        0x0 ..\obj\stm32l1xx_hal_comp.o
 .bss           0x00000000        0x0 ..\obj\stm32l1xx_hal_comp.o
 .debug_info    0x00000000      0x687 ..\obj\stm32l1xx_hal_comp.o
 .debug_abbrev  0x00000000      0x18f ..\obj\stm32l1xx_hal_comp.o
 .debug_aranges
                0x00000000       0x20 ..\obj\stm32l1xx_hal_comp.o
 .debug_line    0x00000000      0x387 ..\obj\stm32l1xx_hal_comp.o
 .debug_str     0x00000000      0x50d ..\obj\stm32l1xx_hal_comp.o
 .comment       0x00000000       0x6f ..\obj\stm32l1xx_hal_comp.o
 .debug_frame   0x00000000      0x204 ..\obj\stm32l1xx_hal_comp.o
 .ARM.attributes
                0x00000000       0x33 ..\obj\stm32l1xx_hal_comp.o
 .text          0x00000000      0x188 ..\obj\stm32l1xx_hal_iwdg.o
 .data          0x00000000        0x0 ..\obj\stm32l1xx_hal_iwdg.o
 .bss           0x00000000        0x0 ..\obj\stm32l1xx_hal_iwdg.o
 .debug_info    0x00000000      0x2f3 ..\obj\stm32l1xx_hal_iwdg.o
 .debug_abbrev  0x00000000      0x173 ..\obj\stm32l1xx_hal_iwdg.o
 .debug_aranges
                0x00000000       0x20 ..\obj\stm32l1xx_hal_iwdg.o
 .debug_line    0x00000000      0x2aa ..\obj\stm32l1xx_hal_iwdg.o
 .debug_str     0x00000000      0x348 ..\obj\stm32l1xx_hal_iwdg.o
 .comment       0x00000000       0x6f ..\obj\stm32l1xx_hal_iwdg.o
 .debug_frame   0x00000000       0xd0 ..\obj\stm32l1xx_hal_iwdg.o
 .ARM.attributes
                0x00000000       0x33 ..\obj\stm32l1xx_hal_iwdg.o
 .text          0x00000000        0x0 ..\obj\stm32l1xx_hal_flash_ramfunc.o
 .data          0x00000000        0x0 ..\obj\stm32l1xx_hal_flash_ramfunc.o
 .bss           0x00000000        0x0 ..\obj\stm32l1xx_hal_flash_ramfunc.o
 .RamFunc       0x00000000      0x2d8 ..\obj\stm32l1xx_hal_flash_ramfunc.o
 .debug_info    0x00000000      0x31e ..\obj\stm32l1xx_hal_flash_ramfunc.o
 .debug_abbrev  0x00000000      0x136 ..\obj\stm32l1xx_hal_flash_ramfunc.o
 .debug_aranges
                0x00000000       0x48 ..\obj\stm32l1xx_hal_flash_ramfunc.o
 .debug_ranges  0x00000000       0x38 ..\obj\stm32l1xx_hal_flash_ramfunc.o
 .debug_line    0x00000000      0x290 ..\obj\stm32l1xx_hal_flash_ramfunc.o
 .debug_str     0x00000000      0x34c ..\obj\stm32l1xx_hal_flash_ramfunc.o
 .comment       0x00000000       0x6f ..\obj\stm32l1xx_hal_flash_ramfunc.o
 .debug_frame   0x00000000       0xec ..\obj\stm32l1xx_hal_flash_ramfunc.o
 .ARM.attributes
                0x00000000       0x33 ..\obj\stm32l1xx_hal_flash_ramfunc.o
 .bss           0x00000000        0x4 ..\obj\LCD_func.o
 .text          0x00000000        0x0 ..\obj\stm32l1xx_hal_cryp.o
 .data          0x00000000        0x0 ..\obj\stm32l1xx_hal_cryp.o
 .bss           0x00000000        0x0 ..\obj\stm32l1xx_hal_cryp.o
 .debug_info    0x00000000       0x8e ..\obj\stm32l1xx_hal_cryp.o
 .debug_abbrev  0x00000000       0x49 ..\obj\stm32l1xx_hal_cryp.o
 .debug_aranges
                0x00000000       0x18 ..\obj\stm32l1xx_hal_cryp.o
 .debug_line    0x00000000      0x154 ..\obj\stm32l1xx_hal_cryp.o
 .debug_str     0x00000000      0x192 ..\obj\stm32l1xx_hal_cryp.o
 .comment       0x00000000       0x6f ..\obj\stm32l1xx_hal_cryp.o
 .ARM.attributes
                0x00000000       0x33 ..\obj\stm32l1xx_hal_cryp.o
 .text          0x00000000      0x1f8 ..\obj\stm32l1xx_hal_dac_ex.o
 .data          0x00000000        0x0 ..\obj\stm32l1xx_hal_dac_ex.o
 .bss           0x00000000        0x0 ..\obj\stm32l1xx_hal_dac_ex.o
 .debug_info    0x00000000      0x65b ..\obj\stm32l1xx_hal_dac_ex.o
 .debug_abbrev  0x00000000      0x185 ..\obj\stm32l1xx_hal_dac_ex.o
 .debug_aranges
                0x00000000       0x20 ..\obj\stm32l1xx_hal_dac_ex.o
 .debug_line    0x00000000      0x2c7 ..\obj\stm32l1xx_hal_dac_ex.o
 .debug_str     0x00000000      0x602 ..\obj\stm32l1xx_hal_dac_ex.o
 .comment       0x00000000       0x6f ..\obj\stm32l1xx_hal_dac_ex.o
 .debug_frame   0x00000000      0x1bc ..\obj\stm32l1xx_hal_dac_ex.o
 .ARM.attributes
                0x00000000       0x33 ..\obj\stm32l1xx_hal_dac_ex.o
 .text          0x00000000       0xcc ..\obj\stm32l1xx_hal_tim_ex.o
 .data          0x00000000        0x0 ..\obj\stm32l1xx_hal_tim_ex.o
 .bss           0x00000000        0x0 ..\obj\stm32l1xx_hal_tim_ex.o
 .debug_info    0x00000000      0x594 ..\obj\stm32l1xx_hal_tim_ex.o
 .debug_abbrev  0x00000000      0x125 ..\obj\stm32l1xx_hal_tim_ex.o
 .debug_aranges
                0x00000000       0x20 ..\obj\stm32l1xx_hal_tim_ex.o
 .debug_line    0x00000000      0x2b2 ..\obj\stm32l1xx_hal_tim_ex.o
 .debug_str     0x00000000      0x5fe ..\obj\stm32l1xx_hal_tim_ex.o
 .comment       0x00000000       0x6f ..\obj\stm32l1xx_hal_tim_ex.o
 .debug_frame   0x00000000       0x60 ..\obj\stm32l1xx_hal_tim_ex.o
 .ARM.attributes
                0x00000000       0x33 ..\obj\stm32l1xx_hal_tim_ex.o
 .text          0x00000000        0x0 ..\obj\stm32l1xx_hal_cryp_ex.o
 .data          0x00000000        0x0 ..\obj\stm32l1xx_hal_cryp_ex.o
 .bss           0x00000000        0x0 ..\obj\stm32l1xx_hal_cryp_ex.o
 .debug_info    0x00000000       0x8e ..\obj\stm32l1xx_hal_cryp_ex.o
 .debug_abbrev  0x00000000       0x49 ..\obj\stm32l1xx_hal_cryp_ex.o
 .debug_aranges
                0x00000000       0x18 ..\obj\stm32l1xx_hal_cryp_ex.o
 .debug_line    0x00000000      0x154 ..\obj\stm32l1xx_hal_cryp_ex.o
 .debug_str     0x00000000      0x195 ..\obj\stm32l1xx_hal_cryp_ex.o
 .comment       0x00000000       0x6f ..\obj\stm32l1xx_hal_cryp_ex.o
 .ARM.attributes
                0x00000000       0x33 ..\obj\stm32l1xx_hal_cryp_ex.o
 .text          0x00000000        0x0 ..\obj\stm32l1xx_ll_fsmc.o
 .data          0x00000000        0x0 ..\obj\stm32l1xx_ll_fsmc.o
 .bss           0x00000000        0x0 ..\obj\stm32l1xx_ll_fsmc.o
 .debug_info    0x00000000       0x8e ..\obj\stm32l1xx_ll_fsmc.o
 .debug_abbrev  0x00000000       0x49 ..\obj\stm32l1xx_ll_fsmc.o
 .debug_aranges
                0x00000000       0x18 ..\obj\stm32l1xx_ll_fsmc.o
 .debug_line    0x00000000      0x154 ..\obj\stm32l1xx_ll_fsmc.o
 .debug_str     0x00000000      0x191 ..\obj\stm32l1xx_ll_fsmc.o
 .comment       0x00000000       0x6f ..\obj\stm32l1xx_ll_fsmc.o
 .ARM.attributes
                0x00000000       0x33 ..\obj\stm32l1xx_ll_fsmc.o
 .text          0x00000000     0x2254 ..\obj\stm32l1xx_hal_rcc.o
 .data          0x00000000        0x0 ..\obj\stm32l1xx_hal_rcc.o
 .bss           0x00000000        0x0 ..\obj\stm32l1xx_hal_rcc.o
 .rodata        0x00000000       0x1d ..\obj\stm32l1xx_hal_rcc.o
 .debug_info    0x00000000     0x2839 ..\obj\stm32l1xx_hal_rcc.o
 .debug_abbrev  0x00000000      0x251 ..\obj\stm32l1xx_hal_rcc.o
 .debug_aranges
                0x00000000       0x20 ..\obj\stm32l1xx_hal_rcc.o
 .debug_line    0x00000000      0xdd5 ..\obj\stm32l1xx_hal_rcc.o
 .debug_str     0x00000000      0x645 ..\obj\stm32l1xx_hal_rcc.o
 .comment       0x00000000       0x6f ..\obj\stm32l1xx_hal_rcc.o
 .debug_frame   0x00000000      0x21c ..\obj\stm32l1xx_hal_rcc.o
 .ARM.attributes
                0x00000000       0x33 ..\obj\stm32l1xx_hal_rcc.o
 .text          0x00000000        0x0 ..\obj\stm32l1xx_hal_opamp_ex.o
 .data          0x00000000        0x0 ..\obj\stm32l1xx_hal_opamp_ex.o
 .bss           0x00000000        0x0 ..\obj\stm32l1xx_hal_opamp_ex.o
 .debug_info    0x00000000       0x8e ..\obj\stm32l1xx_hal_opamp_ex.o
 .debug_abbrev  0x00000000       0x49 ..\obj\stm32l1xx_hal_opamp_ex.o
 .debug_aranges
                0x00000000       0x18 ..\obj\stm32l1xx_hal_opamp_ex.o
 .debug_line    0x00000000      0x154 ..\obj\stm32l1xx_hal_opamp_ex.o
 .debug_str     0x00000000      0x196 ..\obj\stm32l1xx_hal_opamp_ex.o
 .comment       0x00000000       0x6f ..\obj\stm32l1xx_hal_opamp_ex.o
 .ARM.attributes
                0x00000000       0x33 ..\obj\stm32l1xx_hal_opamp_ex.o
 .data          0x00000000        0x0 ..\obj\stm32l1xx_hal_gpio.o
 .bss           0x00000000        0x0 ..\obj\stm32l1xx_hal_gpio.o
 .text          0x00000000     0x2fb0 ..\obj\stm32l1xx_hal_i2c.o
 .data          0x00000000        0x0 ..\obj\stm32l1xx_hal_i2c.o
 .bss           0x00000000        0x0 ..\obj\stm32l1xx_hal_i2c.o
 .debug_info    0x00000000     0x143e ..\obj\stm32l1xx_hal_i2c.o
 .debug_abbrev  0x00000000      0x1d6 ..\obj\stm32l1xx_hal_i2c.o
 .debug_aranges
                0x00000000       0x20 ..\obj\stm32l1xx_hal_i2c.o
 .debug_line    0x00000000      0xbd6 ..\obj\stm32l1xx_hal_i2c.o
 .debug_str     0x00000000      0xbb2 ..\obj\stm32l1xx_hal_i2c.o
 .comment       0x00000000       0x6f ..\obj\stm32l1xx_hal_i2c.o
 .debug_frame   0x00000000      0x8a0 ..\obj\stm32l1xx_hal_i2c.o
 .ARM.attributes
                0x00000000       0x33 ..\obj\stm32l1xx_hal_i2c.o
 .text          0x00000000       0x14 ..\obj\startup_stm32l151xba.o
 .data          0x00000000        0x0 ..\obj\startup_stm32l151xba.o
 .bss           0x00000000        0x0 ..\obj\startup_stm32l151xba.o
 .text          0x00000000     0x167c ..\obj\stm32l1xx_hal_usart.o
 .data          0x00000000        0x0 ..\obj\stm32l1xx_hal_usart.o
 .bss           0x00000000        0x0 ..\obj\stm32l1xx_hal_usart.o
 .debug_info    0x00000000      0xd6d ..\obj\stm32l1xx_hal_usart.o
 .debug_abbrev  0x00000000      0x201 ..\obj\stm32l1xx_hal_usart.o
 .debug_aranges
                0x00000000       0x20 ..\obj\stm32l1xx_hal_usart.o
 .debug_line    0x00000000      0x78d ..\obj\stm32l1xx_hal_usart.o
 .debug_str     0x00000000      0x95c ..\obj\stm32l1xx_hal_usart.o
 .comment       0x00000000       0x6f ..\obj\stm32l1xx_hal_usart.o
 .debug_frame   0x00000000      0x56c ..\obj\stm32l1xx_hal_usart.o
 .ARM.attributes
                0x00000000       0x33 ..\obj\stm32l1xx_hal_usart.o
 .text          0x00000000        0x0 ..\obj\stm32l1xx_hal_lcd.o
 .data          0x00000000        0x0 ..\obj\stm32l1xx_hal_lcd.o
 .bss           0x00000000        0x0 ..\obj\stm32l1xx_hal_lcd.o
 .debug_info    0x00000000       0x8e ..\obj\stm32l1xx_hal_lcd.o
 .debug_abbrev  0x00000000       0x49 ..\obj\stm32l1xx_hal_lcd.o
 .debug_aranges
                0x00000000       0x18 ..\obj\stm32l1xx_hal_lcd.o
 .debug_line    0x00000000      0x154 ..\obj\stm32l1xx_hal_lcd.o
 .debug_str     0x00000000      0x191 ..\obj\stm32l1xx_hal_lcd.o
 .comment       0x00000000       0x6f ..\obj\stm32l1xx_hal_lcd.o
 .ARM.attributes
                0x00000000       0x33 ..\obj\stm32l1xx_hal_lcd.o
 .bss           0x00000000        0x0 ..\obj\system_stm32l1xx.o
 .text          0x00000000      0x228 ..\obj\stm32l1xx_hal_flash.o
 .data          0x00000000        0x0 ..\obj\stm32l1xx_hal_flash.o
 .bss           0x00000000        0x0 ..\obj\stm32l1xx_hal_flash.o
 .debug_info    0x00000000      0x41a ..\obj\stm32l1xx_hal_flash.o
 .debug_abbrev  0x00000000      0x195 ..\obj\stm32l1xx_hal_flash.o
 .debug_aranges
                0x00000000       0x20 ..\obj\stm32l1xx_hal_flash.o
 .debug_line    0x00000000      0x2b5 ..\obj\stm32l1xx_hal_flash.o
 .debug_str     0x00000000      0x48a ..\obj\stm32l1xx_hal_flash.o
 .comment       0x00000000       0x6f ..\obj\stm32l1xx_hal_flash.o
 .debug_frame   0x00000000      0x168 ..\obj\stm32l1xx_hal_flash.o
 .ARM.attributes
                0x00000000       0x33 ..\obj\stm32l1xx_hal_flash.o
 COMMON         0x00000000       0x14 ..\obj\stm32l1xx_hal_flash.o
 .text          0x00000000     0x1a98 ..\obj\stm32l1xx_hal_rtc_ex.o
 .data          0x00000000        0x0 ..\obj\stm32l1xx_hal_rtc_ex.o
 .bss           0x00000000        0x0 ..\obj\stm32l1xx_hal_rtc_ex.o
 .debug_info    0x00000000     0x104b ..\obj\stm32l1xx_hal_rtc_ex.o
 .debug_abbrev  0x00000000      0x19e ..\obj\stm32l1xx_hal_rtc_ex.o
 .debug_aranges
                0x00000000       0x20 ..\obj\stm32l1xx_hal_rtc_ex.o
 .debug_line    0x00000000      0x8b1 ..\obj\stm32l1xx_hal_rtc_ex.o
 .debug_str     0x00000000      0xac4 ..\obj\stm32l1xx_hal_rtc_ex.o
 .comment       0x00000000       0x6f ..\obj\stm32l1xx_hal_rtc_ex.o
 .debug_frame   0x00000000      0x670 ..\obj\stm32l1xx_hal_rtc_ex.o
 .ARM.attributes
                0x00000000       0x33 ..\obj\stm32l1xx_hal_rtc_ex.o
 .text          0x00000000        0x0 ..\obj\stm32l1xx_hal_i2s.o
 .data          0x00000000        0x0 ..\obj\stm32l1xx_hal_i2s.o
 .bss           0x00000000        0x0 ..\obj\stm32l1xx_hal_i2s.o
 .debug_info    0x00000000       0x8e ..\obj\stm32l1xx_hal_i2s.o
 .debug_abbrev  0x00000000       0x49 ..\obj\stm32l1xx_hal_i2s.o
 .debug_aranges
                0x00000000       0x18 ..\obj\stm32l1xx_hal_i2s.o
 .debug_line    0x00000000      0x154 ..\obj\stm32l1xx_hal_i2s.o
 .debug_str     0x00000000      0x191 ..\obj\stm32l1xx_hal_i2s.o
 .comment       0x00000000       0x6f ..\obj\stm32l1xx_hal_i2s.o
 .ARM.attributes
                0x00000000       0x33 ..\obj\stm32l1xx_hal_i2s.o
 .text          0x00000000      0x60c ..\obj\stm32l1xx_hal_dac.o
 .data          0x00000000        0x0 ..\obj\stm32l1xx_hal_dac.o
 .bss           0x00000000        0x0 ..\obj\stm32l1xx_hal_dac.o
 .debug_info    0x00000000      0x8d1 ..\obj\stm32l1xx_hal_dac.o
 .debug_abbrev  0x00000000      0x1c6 ..\obj\stm32l1xx_hal_dac.o
 .debug_aranges
                0x00000000       0x20 ..\obj\stm32l1xx_hal_dac.o
 .debug_line    0x00000000      0x380 ..\obj\stm32l1xx_hal_dac.o
 .debug_str     0x00000000      0x6d2 ..\obj\stm32l1xx_hal_dac.o
 .comment       0x00000000       0x6f ..\obj\stm32l1xx_hal_dac.o
 .debug_frame   0x00000000      0x338 ..\obj\stm32l1xx_hal_dac.o
 .ARM.attributes
                0x00000000       0x33 ..\obj\stm32l1xx_hal_dac.o
 .text          0x00000000     0x1edc ..\obj\stm32l1xx_hal_spi.o
 .data          0x00000000        0x0 ..\obj\stm32l1xx_hal_spi.o
 .bss           0x00000000        0x0 ..\obj\stm32l1xx_hal_spi.o
 .debug_info    0x00000000      0xdd8 ..\obj\stm32l1xx_hal_spi.o
 .debug_abbrev  0x00000000      0x21d ..\obj\stm32l1xx_hal_spi.o
 .debug_aranges
                0x00000000       0x20 ..\obj\stm32l1xx_hal_spi.o
 .debug_line    0x00000000      0x850 ..\obj\stm32l1xx_hal_spi.o
 .debug_str     0x00000000      0x991 ..\obj\stm32l1xx_hal_spi.o
 .comment       0x00000000       0x6f ..\obj\stm32l1xx_hal_spi.o
 .debug_frame   0x00000000      0x5d8 ..\obj\stm32l1xx_hal_spi.o
 .ARM.attributes
                0x00000000       0x33 ..\obj\stm32l1xx_hal_spi.o
 .text          0x00000000      0x1d8 ..\obj\stm32l1xx_hal_pwr_ex.o
 .data          0x00000000        0x0 ..\obj\stm32l1xx_hal_pwr_ex.o
 .bss           0x00000000        0x0 ..\obj\stm32l1xx_hal_pwr_ex.o
 .debug_info    0x00000000      0x47b ..\obj\stm32l1xx_hal_pwr_ex.o
 .debug_abbrev  0x00000000       0xe7 ..\obj\stm32l1xx_hal_pwr_ex.o
 .debug_aranges
                0x00000000       0x20 ..\obj\stm32l1xx_hal_pwr_ex.o
 .debug_line    0x00000000      0x2a4 ..\obj\stm32l1xx_hal_pwr_ex.o
 .debug_str     0x00000000      0x298 ..\obj\stm32l1xx_hal_pwr_ex.o
 .comment       0x00000000       0x6f ..\obj\stm32l1xx_hal_pwr_ex.o
 .debug_frame   0x00000000      0x100 ..\obj\stm32l1xx_hal_pwr_ex.o
 .ARM.attributes
                0x00000000       0x33 ..\obj\stm32l1xx_hal_pwr_ex.o
 .text          0x00000000      0x18c ..\obj\stm32l1xx_hal_crc.o
 .data          0x00000000        0x0 ..\obj\stm32l1xx_hal_crc.o
 .bss           0x00000000        0x0 ..\obj\stm32l1xx_hal_crc.o
 .debug_info    0x00000000      0x32b ..\obj\stm32l1xx_hal_crc.o
 .debug_abbrev  0x00000000      0x143 ..\obj\stm32l1xx_hal_crc.o
 .debug_aranges
                0x00000000       0x20 ..\obj\stm32l1xx_hal_crc.o
 .debug_line    0x00000000      0x2a8 ..\obj\stm32l1xx_hal_crc.o
 .debug_str     0x00000000      0x345 ..\obj\stm32l1xx_hal_crc.o
 .comment       0x00000000       0x6f ..\obj\stm32l1xx_hal_crc.o
 .debug_frame   0x00000000      0x120 ..\obj\stm32l1xx_hal_crc.o
 .ARM.attributes
                0x00000000       0x33 ..\obj\stm32l1xx_hal_crc.o
 .text          0x00000000      0x760 ..\obj\stm32l1xx_hal_adc_ex.o
 .data          0x00000000        0x0 ..\obj\stm32l1xx_hal_adc_ex.o
 .bss           0x00000000        0x0 ..\obj\stm32l1xx_hal_adc_ex.o
 .debug_info    0x00000000      0x93b ..\obj\stm32l1xx_hal_adc_ex.o
 .debug_abbrev  0x00000000      0x223 ..\obj\stm32l1xx_hal_adc_ex.o
 .debug_aranges
                0x00000000       0x20 ..\obj\stm32l1xx_hal_adc_ex.o
 .debug_line    0x00000000      0x41f ..\obj\stm32l1xx_hal_adc_ex.o
 .debug_str     0x00000000      0x931 ..\obj\stm32l1xx_hal_adc_ex.o
 .comment       0x00000000       0x6f ..\obj\stm32l1xx_hal_adc_ex.o
 .debug_frame   0x00000000      0x144 ..\obj\stm32l1xx_hal_adc_ex.o
 .ARM.attributes
                0x00000000       0x33 ..\obj\stm32l1xx_hal_adc_ex.o
 .text          0x00000000        0x0 ..\obj\stm32l1xx_hal_nor.o
 .data          0x00000000        0x0 ..\obj\stm32l1xx_hal_nor.o
 .bss           0x00000000        0x0 ..\obj\stm32l1xx_hal_nor.o
 .debug_info    0x00000000       0x8e ..\obj\stm32l1xx_hal_nor.o
 .debug_abbrev  0x00000000       0x49 ..\obj\stm32l1xx_hal_nor.o
 .debug_aranges
                0x00000000       0x18 ..\obj\stm32l1xx_hal_nor.o
 .debug_line    0x00000000      0x154 ..\obj\stm32l1xx_hal_nor.o
 .debug_str     0x00000000      0x191 ..\obj\stm32l1xx_hal_nor.o
 .comment       0x00000000       0x6f ..\obj\stm32l1xx_hal_nor.o
 .ARM.attributes
                0x00000000       0x33 ..\obj\stm32l1xx_hal_nor.o
 .text          0x00000000      0x360 ..\obj\stm32l1xx_hal_pwr.o
 .data          0x00000000        0x0 ..\obj\stm32l1xx_hal_pwr.o
 .bss           0x00000000        0x0 ..\obj\stm32l1xx_hal_pwr.o
 .debug_info    0x00000000      0x8c5 ..\obj\stm32l1xx_hal_pwr.o
 .debug_abbrev  0x00000000      0x215 ..\obj\stm32l1xx_hal_pwr.o
 .debug_aranges
                0x00000000       0x20 ..\obj\stm32l1xx_hal_pwr.o
 .debug_line    0x00000000      0x311 ..\obj\stm32l1xx_hal_pwr.o
 .debug_str     0x00000000      0x451 ..\obj\stm32l1xx_hal_pwr.o
 .comment       0x00000000       0x6f ..\obj\stm32l1xx_hal_pwr.o
 .debug_frame   0x00000000      0x1f4 ..\obj\stm32l1xx_hal_pwr.o
 .ARM.attributes
                0x00000000       0x33 ..\obj\stm32l1xx_hal_pwr.o
 .text          0x00000000      0x240 ..\obj\stm32l1xx_hal.o
 .data          0x00000000        0x0 ..\obj\stm32l1xx_hal.o
 .bss           0x00000000        0x4 ..\obj\stm32l1xx_hal.o
 .debug_info    0x00000000      0x5c1 ..\obj\stm32l1xx_hal.o
 .debug_abbrev  0x00000000      0x1ae ..\obj\stm32l1xx_hal.o
 .debug_aranges
                0x00000000       0x20 ..\obj\stm32l1xx_hal.o
 .debug_line    0x00000000      0x262 ..\obj\stm32l1xx_hal.o
 .debug_str     0x00000000      0x6bf ..\obj\stm32l1xx_hal.o
 .comment       0x00000000       0x6f ..\obj\stm32l1xx_hal.o
 .debug_frame   0x00000000      0x270 ..\obj\stm32l1xx_hal.o
 .ARM.attributes
                0x00000000       0x33 ..\obj\stm32l1xx_hal.o
 .bss           0x00000000        0x0 ..\obj\Keyboard.o
 .text          0x00000000     0x1004 ..\obj\stm32l1xx_hal_smartcard.o
 .data          0x00000000        0x0 ..\obj\stm32l1xx_hal_smartcard.o
 .bss           0x00000000        0x0 ..\obj\stm32l1xx_hal_smartcard.o
 .debug_info    0x00000000      0xb3f ..\obj\stm32l1xx_hal_smartcard.o
 .debug_abbrev  0x00000000      0x210 ..\obj\stm32l1xx_hal_smartcard.o
 .debug_aranges
                0x00000000       0x20 ..\obj\stm32l1xx_hal_smartcard.o
 .debug_line    0x00000000      0x554 ..\obj\stm32l1xx_hal_smartcard.o
 .debug_str     0x00000000      0x8fc ..\obj\stm32l1xx_hal_smartcard.o
 .comment       0x00000000       0x6f ..\obj\stm32l1xx_hal_smartcard.o
 .debug_frame   0x00000000      0x3a0 ..\obj\stm32l1xx_hal_smartcard.o
 .ARM.attributes
                0x00000000       0x33 ..\obj\stm32l1xx_hal_smartcard.o
 .text          0x00000000      0x7b4 ..\obj\stm32l1xx_hal_rtc.o
 .data          0x00000000        0x0 ..\obj\stm32l1xx_hal_rtc.o
 .bss           0x00000000        0x0 ..\obj\stm32l1xx_hal_rtc.o
 .debug_info    0x00000000      0x7e2 ..\obj\stm32l1xx_hal_rtc.o
 .debug_abbrev  0x00000000      0x18f ..\obj\stm32l1xx_hal_rtc.o
 .debug_aranges
                0x00000000       0x20 ..\obj\stm32l1xx_hal_rtc.o
 .debug_line    0x00000000      0x394 ..\obj\stm32l1xx_hal_rtc.o
 .debug_str     0x00000000      0x5a2 ..\obj\stm32l1xx_hal_rtc.o
 .comment       0x00000000       0x6f ..\obj\stm32l1xx_hal_rtc.o
 .debug_frame   0x00000000      0x250 ..\obj\stm32l1xx_hal_rtc.o
 .ARM.attributes
                0x00000000       0x33 ..\obj\stm32l1xx_hal_rtc.o
 .text          0x00000000        0x0 ..\obj\stm32l1xx_ll_sdmmc.o
 .data          0x00000000        0x0 ..\obj\stm32l1xx_ll_sdmmc.o
 .bss           0x00000000        0x0 ..\obj\stm32l1xx_ll_sdmmc.o
 .debug_info    0x00000000       0x8e ..\obj\stm32l1xx_ll_sdmmc.o
 .debug_abbrev  0x00000000       0x49 ..\obj\stm32l1xx_ll_sdmmc.o
 .debug_aranges
                0x00000000       0x18 ..\obj\stm32l1xx_ll_sdmmc.o
 .debug_line    0x00000000      0x154 ..\obj\stm32l1xx_ll_sdmmc.o
 .debug_str     0x00000000      0x192 ..\obj\stm32l1xx_ll_sdmmc.o
 .comment       0x00000000       0x6f ..\obj\stm32l1xx_ll_sdmmc.o
 .ARM.attributes
                0x00000000       0x33 ..\obj\stm32l1xx_ll_sdmmc.o
 .text          0x00000000      0xbd0 ..\obj\stm32l1xx_hal_dma.o
 .data          0x00000000        0x0 ..\obj\stm32l1xx_hal_dma.o
 .bss           0x00000000        0x0 ..\obj\stm32l1xx_hal_dma.o
 .debug_info    0x00000000      0x575 ..\obj\stm32l1xx_hal_dma.o
 .debug_abbrev  0x00000000      0x1b3 ..\obj\stm32l1xx_hal_dma.o
 .debug_aranges
                0x00000000       0x20 ..\obj\stm32l1xx_hal_dma.o
 .debug_line    0x00000000      0x788 ..\obj\stm32l1xx_hal_dma.o
 .debug_str     0x00000000      0x4d4 ..\obj\stm32l1xx_hal_dma.o
 .comment       0x00000000       0x6f ..\obj\stm32l1xx_hal_dma.o
 .debug_frame   0x00000000      0x194 ..\obj\stm32l1xx_hal_dma.o
 .ARM.attributes
                0x00000000       0x33 ..\obj\stm32l1xx_hal_dma.o
 .text          0x00000000      0x53c ..\obj\stm32l1xx_hal_cortex.o
 .data          0x00000000        0x0 ..\obj\stm32l1xx_hal_cortex.o
 .bss           0x00000000        0x0 ..\obj\stm32l1xx_hal_cortex.o
 .debug_info    0x00000000      0xa8e ..\obj\stm32l1xx_hal_cortex.o
 .debug_abbrev  0x00000000      0x286 ..\obj\stm32l1xx_hal_cortex.o
 .debug_aranges
                0x00000000       0x20 ..\obj\stm32l1xx_hal_cortex.o
 .debug_line    0x00000000      0x331 ..\obj\stm32l1xx_hal_cortex.o
 .debug_str     0x00000000      0x86c ..\obj\stm32l1xx_hal_cortex.o
 .comment       0x00000000       0x6f ..\obj\stm32l1xx_hal_cortex.o
 .debug_frame   0x00000000      0x428 ..\obj\stm32l1xx_hal_cortex.o
 .ARM.attributes
                0x00000000       0x33 ..\obj\stm32l1xx_hal_cortex.o
 .text          0x00000000       0x30 ..\obj\stm32l1xx_hal_msp_template.o
 .data          0x00000000        0x0 ..\obj\stm32l1xx_hal_msp_template.o
 .bss           0x00000000        0x0 ..\obj\stm32l1xx_hal_msp_template.o
 .debug_info    0x00000000       0xda ..\obj\stm32l1xx_hal_msp_template.o
 .debug_abbrev  0x00000000       0x65 ..\obj\stm32l1xx_hal_msp_template.o
 .debug_aranges
                0x00000000       0x20 ..\obj\stm32l1xx_hal_msp_template.o
 .debug_line    0x00000000      0x1f3 ..\obj\stm32l1xx_hal_msp_template.o
 .debug_str     0x00000000      0x1d6 ..\obj\stm32l1xx_hal_msp_template.o
 .comment       0x00000000       0x6f ..\obj\stm32l1xx_hal_msp_template.o
 .debug_frame   0x00000000       0x90 ..\obj\stm32l1xx_hal_msp_template.o
 .ARM.attributes
                0x00000000       0x33 ..\obj\stm32l1xx_hal_msp_template.o
 .text          0x00000000      0xd74 ..\obj\stm32l1xx_hal_flash_ex.o
 .data          0x00000000        0x0 ..\obj\stm32l1xx_hal_flash_ex.o
 .bss           0x00000000        0x0 ..\obj\stm32l1xx_hal_flash_ex.o
 .debug_info    0x00000000      0xd3b ..\obj\stm32l1xx_hal_flash_ex.o
 .debug_abbrev  0x00000000      0x2a7 ..\obj\stm32l1xx_hal_flash_ex.o
 .debug_aranges
                0x00000000       0x20 ..\obj\stm32l1xx_hal_flash_ex.o
 .debug_line    0x00000000      0x518 ..\obj\stm32l1xx_hal_flash_ex.o
 .debug_str     0x00000000      0x8fe ..\obj\stm32l1xx_hal_flash_ex.o
 .comment       0x00000000       0x6f ..\obj\stm32l1xx_hal_flash_ex.o
 .debug_frame   0x00000000      0x4b0 ..\obj\stm32l1xx_hal_flash_ex.o
 .ARM.attributes
                0x00000000       0x33 ..\obj\stm32l1xx_hal_flash_ex.o
 .data          0x00000000        0x0 ..\obj\GPIO.o
 .bss           0x00000000        0x0 ..\obj\GPIO.o
 .text          0x00000000     0x1284 ..\obj\stm32l1xx_hal_irda.o
 .data          0x00000000        0x0 ..\obj\stm32l1xx_hal_irda.o
 .bss           0x00000000        0x0 ..\obj\stm32l1xx_hal_irda.o
 .debug_info    0x00000000      0xc37 ..\obj\stm32l1xx_hal_irda.o
 .debug_abbrev  0x00000000      0x201 ..\obj\stm32l1xx_hal_irda.o
 .debug_aranges
                0x00000000       0x20 ..\obj\stm32l1xx_hal_irda.o
 .debug_line    0x00000000      0x5b4 ..\obj\stm32l1xx_hal_irda.o
 .debug_str     0x00000000      0x88b ..\obj\stm32l1xx_hal_irda.o
 .comment       0x00000000       0x6f ..\obj\stm32l1xx_hal_irda.o
 .debug_frame   0x00000000      0x4b0 ..\obj\stm32l1xx_hal_irda.o
 .ARM.attributes
                0x00000000       0x33 ..\obj\stm32l1xx_hal_irda.o
 .text          0x00000000      0x228 ..\obj\stm32l1xx_hal_wwdg.o
 .data          0x00000000        0x0 ..\obj\stm32l1xx_hal_wwdg.o
 .bss           0x00000000        0x0 ..\obj\stm32l1xx_hal_wwdg.o
 .debug_info    0x00000000      0x3b7 ..\obj\stm32l1xx_hal_wwdg.o
 .debug_abbrev  0x00000000      0x160 ..\obj\stm32l1xx_hal_wwdg.o
 .debug_aranges
                0x00000000       0x20 ..\obj\stm32l1xx_hal_wwdg.o
 .debug_line    0x00000000      0x2df ..\obj\stm32l1xx_hal_wwdg.o
 .debug_str     0x00000000      0x3a7 ..\obj\stm32l1xx_hal_wwdg.o
 .comment       0x00000000       0x6f ..\obj\stm32l1xx_hal_wwdg.o
 .debug_frame   0x00000000      0x194 ..\obj\stm32l1xx_hal_wwdg.o
 .ARM.attributes
                0x00000000       0x33 ..\obj\stm32l1xx_hal_wwdg.o
 .text          0x00000000        0x0 c:/program files (x86)/gnu tools arm embedded/5.4 2016q2/bin/../lib/gcc/arm-none-eabi/5.4.1/../../../../arm-none-eabi/lib/armv7-m\libg.a(lib_a-exit.o)
 .data          0x00000000        0x0 c:/program files (x86)/gnu tools arm embedded/5.4 2016q2/bin/../lib/gcc/arm-none-eabi/5.4.1/../../../../arm-none-eabi/lib/armv7-m\libg.a(lib_a-exit.o)
 .bss           0x00000000        0x0 c:/program files (x86)/gnu tools arm embedded/5.4 2016q2/bin/../lib/gcc/arm-none-eabi/5.4.1/../../../../arm-none-eabi/lib/armv7-m\libg.a(lib_a-exit.o)
 .text.exit     0x00000000       0x20 c:/program files (x86)/gnu tools arm embedded/5.4 2016q2/bin/../lib/gcc/arm-none-eabi/5.4.1/../../../../arm-none-eabi/lib/armv7-m\libg.a(lib_a-exit.o)
 .debug_frame   0x00000000       0x28 c:/program files (x86)/gnu tools arm embedded/5.4 2016q2/bin/../lib/gcc/arm-none-eabi/5.4.1/../../../../arm-none-eabi/lib/armv7-m\libg.a(lib_a-exit.o)
 .ARM.attributes
                0x00000000       0x2d c:/program files (x86)/gnu tools arm embedded/5.4 2016q2/bin/../lib/gcc/arm-none-eabi/5.4.1/../../../../arm-none-eabi/lib/armv7-m\libg.a(lib_a-exit.o)
 .text          0x00000000        0x0 c:/program files (x86)/gnu tools arm embedded/5.4 2016q2/bin/../lib/gcc/arm-none-eabi/5.4.1/../../../../arm-none-eabi/lib/armv7-m\libg.a(lib_a-impure.o)
 .data          0x00000000        0x0 c:/program files (x86)/gnu tools arm embedded/5.4 2016q2/bin/../lib/gcc/arm-none-eabi/5.4.1/../../../../arm-none-eabi/lib/armv7-m\libg.a(lib_a-impure.o)
 .bss           0x00000000        0x0 c:/program files (x86)/gnu tools arm embedded/5.4 2016q2/bin/../lib/gcc/arm-none-eabi/5.4.1/../../../../arm-none-eabi/lib/armv7-m\libg.a(lib_a-impure.o)
 .data._impure_ptr
                0x00000000        0x4 c:/program files (x86)/gnu tools arm embedded/5.4 2016q2/bin/../lib/gcc/arm-none-eabi/5.4.1/../../../../arm-none-eabi/lib/armv7-m\libg.a(lib_a-impure.o)
 .text          0x00000000        0x0 c:/program files (x86)/gnu tools arm embedded/5.4 2016q2/bin/../lib/gcc/arm-none-eabi/5.4.1/../../../../arm-none-eabi/lib/armv7-m\libg.a(lib_a-init.o)
 .data          0x00000000        0x0 c:/program files (x86)/gnu tools arm embedded/5.4 2016q2/bin/../lib/gcc/arm-none-eabi/5.4.1/../../../../arm-none-eabi/lib/armv7-m\libg.a(lib_a-init.o)
 .bss           0x00000000        0x0 c:/program files (x86)/gnu tools arm embedded/5.4 2016q2/bin/../lib/gcc/arm-none-eabi/5.4.1/../../../../arm-none-eabi/lib/armv7-m\libg.a(lib_a-init.o)
 .text          0x00000000        0x0 c:/program files (x86)/gnu tools arm embedded/5.4 2016q2/bin/../lib/gcc/arm-none-eabi/5.4.1/../../../../arm-none-eabi/lib/armv7-m\libg.a(lib_a-memset.o)
 .data          0x00000000        0x0 c:/program files (x86)/gnu tools arm embedded/5.4 2016q2/bin/../lib/gcc/arm-none-eabi/5.4.1/../../../../arm-none-eabi/lib/armv7-m\libg.a(lib_a-memset.o)
 .bss           0x00000000        0x0 c:/program files (x86)/gnu tools arm embedded/5.4 2016q2/bin/../lib/gcc/arm-none-eabi/5.4.1/../../../../arm-none-eabi/lib/armv7-m\libg.a(lib_a-memset.o)
 .text.memset   0x00000000       0x9c c:/program files (x86)/gnu tools arm embedded/5.4 2016q2/bin/../lib/gcc/arm-none-eabi/5.4.1/../../../../arm-none-eabi/lib/armv7-m\libg.a(lib_a-memset.o)
 .debug_frame   0x00000000       0x34 c:/program files (x86)/gnu tools arm embedded/5.4 2016q2/bin/../lib/gcc/arm-none-eabi/5.4.1/../../../../arm-none-eabi/lib/armv7-m\libg.a(lib_a-memset.o)
 .ARM.attributes
                0x00000000       0x2d c:/program files (x86)/gnu tools arm embedded/5.4 2016q2/bin/../lib/gcc/arm-none-eabi/5.4.1/../../../../arm-none-eabi/lib/armv7-m\libg.a(lib_a-memset.o)
 .text          0x00000000        0x0 c:/program files (x86)/gnu tools arm embedded/5.4 2016q2/bin/../lib/gcc/arm-none-eabi/5.4.1/../../../../arm-none-eabi/lib/armv7-m\libg.a(lib_a-__call_atexit.o)
 .data          0x00000000        0x0 c:/program files (x86)/gnu tools arm embedded/5.4 2016q2/bin/../lib/gcc/arm-none-eabi/5.4.1/../../../../arm-none-eabi/lib/armv7-m\libg.a(lib_a-__call_atexit.o)
 .bss           0x00000000        0x0 c:/program files (x86)/gnu tools arm embedded/5.4 2016q2/bin/../lib/gcc/arm-none-eabi/5.4.1/../../../../arm-none-eabi/lib/armv7-m\libg.a(lib_a-__call_atexit.o)
 .text.__call_exitprocs
                0x00000000       0xd8 c:/program files (x86)/gnu tools arm embedded/5.4 2016q2/bin/../lib/gcc/arm-none-eabi/5.4.1/../../../../arm-none-eabi/lib/armv7-m\libg.a(lib_a-__call_atexit.o)
 .text          0x00000000        0x0 c:/program files (x86)/gnu tools arm embedded/5.4 2016q2/bin/../lib/gcc/arm-none-eabi/5.4.1/../../../../arm-none-eabi/lib/armv7-m\libg.a(lib_a-atexit.o)
 .data          0x00000000        0x0 c:/program files (x86)/gnu tools arm embedded/5.4 2016q2/bin/../lib/gcc/arm-none-eabi/5.4.1/../../../../arm-none-eabi/lib/armv7-m\libg.a(lib_a-atexit.o)
 .bss           0x00000000        0x0 c:/program files (x86)/gnu tools arm embedded/5.4 2016q2/bin/../lib/gcc/arm-none-eabi/5.4.1/../../../../arm-none-eabi/lib/armv7-m\libg.a(lib_a-atexit.o)
 .text          0x00000000        0x0 c:/program files (x86)/gnu tools arm embedded/5.4 2016q2/bin/../lib/gcc/arm-none-eabi/5.4.1/../../../../arm-none-eabi/lib/armv7-m\libg.a(lib_a-fini.o)
 .data          0x00000000        0x0 c:/program files (x86)/gnu tools arm embedded/5.4 2016q2/bin/../lib/gcc/arm-none-eabi/5.4.1/../../../../arm-none-eabi/lib/armv7-m\libg.a(lib_a-fini.o)
 .bss           0x00000000        0x0 c:/program files (x86)/gnu tools arm embedded/5.4 2016q2/bin/../lib/gcc/arm-none-eabi/5.4.1/../../../../arm-none-eabi/lib/armv7-m\libg.a(lib_a-fini.o)
 .text          0x00000000        0x0 c:/program files (x86)/gnu tools arm embedded/5.4 2016q2/bin/../lib/gcc/arm-none-eabi/5.4.1/../../../../arm-none-eabi/lib/armv7-m\libg.a(lib_a-__atexit.o)
 .data          0x00000000        0x0 c:/program files (x86)/gnu tools arm embedded/5.4 2016q2/bin/../lib/gcc/arm-none-eabi/5.4.1/../../../../arm-none-eabi/lib/armv7-m\libg.a(lib_a-__atexit.o)
 .bss           0x00000000        0x0 c:/program files (x86)/gnu tools arm embedded/5.4 2016q2/bin/../lib/gcc/arm-none-eabi/5.4.1/../../../../arm-none-eabi/lib/armv7-m\libg.a(lib_a-__atexit.o)
 .text          0x00000000        0x0 c:/program files (x86)/gnu tools arm embedded/5.4 2016q2/bin/../lib/gcc/arm-none-eabi/5.4.1/armv7-m/crtend.o
 .data          0x00000000        0x0 c:/program files (x86)/gnu tools arm embedded/5.4 2016q2/bin/../lib/gcc/arm-none-eabi/5.4.1/armv7-m/crtend.o
 .bss           0x00000000        0x0 c:/program files (x86)/gnu tools arm embedded/5.4 2016q2/bin/../lib/gcc/arm-none-eabi/5.4.1/armv7-m/crtend.o
 .eh_frame      0x00000000        0x4 c:/program files (x86)/gnu tools arm embedded/5.4 2016q2/bin/../lib/gcc/arm-none-eabi/5.4.1/armv7-m/crtend.o
 .text          0x00000000        0x0 c:/program files (x86)/gnu tools arm embedded/5.4 2016q2/bin/../lib/gcc/arm-none-eabi/5.4.1/armv7-m/crtn.o
 .data          0x00000000        0x0 c:/program files (x86)/gnu tools arm embedded/5.4 2016q2/bin/../lib/gcc/arm-none-eabi/5.4.1/armv7-m/crtn.o
 .bss           0x00000000        0x0 c:/program files (x86)/gnu tools arm embedded/5.4 2016q2/bin/../lib/gcc/arm-none-eabi/5.4.1/armv7-m/crtn.o

Memory Configuration

Name             Origin             Length             Attributes
rom              0x08000000         0x00010000         xr
ram              0x20000000         0x00002800         xrw
*default*        0x00000000         0xffffffff

Linker script and memory map

LOAD c:/program files (x86)/gnu tools arm embedded/5.4 2016q2/bin/../lib/gcc/arm-none-eabi/5.4.1/armv7-m/crti.o
LOAD c:/program files (x86)/gnu tools arm embedded/5.4 2016q2/bin/../lib/gcc/arm-none-eabi/5.4.1/armv7-m/crtbegin.o
LOAD c:/program files (x86)/gnu tools arm embedded/5.4 2016q2/bin/../lib/gcc/arm-none-eabi/5.4.1/../../../../arm-none-eabi/lib/armv7-m/crt0.o
                0x20002800                _eram = 0x20002800

.text           0x08000000     0x1a40
 *(.isr_vector)
 .isr_vector    0x08000000      0x13c ..\obj\startup_stm32l151xba.o
                0x08000000                g_pfnVectors
 *(.text*)
 .text          0x0800013c       0x5c c:/program files (x86)/gnu tools arm embedded/5.4 2016q2/bin/../lib/gcc/arm-none-eabi/5.4.1/armv7-m/crtbegin.o
 .text          0x08000198      0x1c0 ..\obj\TIMs.o
                0x080001c8                TIM2_Init
                0x08000228                TIM2_IRQHandler
                0x0800029c                TIM6_Init
                0x080002d0                TIM6_IRQHandler
                0x080002dc                set_timeout
                0x0800031c                while_timeout
                0x0800033c                while_time
 .text          0x08000358       0x58 ..\obj\Clock.o
                0x08000358                Clock_init
 .text          0x080003b0      0x7d4 ..\obj\LCD_func.o
                0x080003b0                MTLCD_DISPLAY
                0x0800049c                MTLCD_print_targets
                0x080004f8                MTLCD_accept_DB_port
                0x08000520                MTLCD_set_DB_port
                0x08000618                MTLCD_CMD
                0x08000644                MTLCD_DATA
                0x0800068c                MTLCD_Init
                0x08000850                MTLCD_OnOff
                0x08000880                MTLCD_set_x
                0x080008ac                MTLCD_set_y
                0x080008d8                MTLCD_set_cord
                0x08000920                MTLCD_CLR
                0x08000980                MTLCD_SET_HALF
                0x080009cc                MTLCD_PRINT_BLOCK
                0x080009fc                MTLCD_PRINT_CHAR
                0x08000a74                MTLCD_PRINT_STRING
                0x08000af8                MTLCD_PRINT_NUMBER
 .text          0x08000b84      0x558 ..\obj\stm32l1xx_hal_gpio.o
                0x08000b84                HAL_GPIO_Init
                0x08000e88                HAL_GPIO_DeInit
                0x08000fc4                HAL_GPIO_ReadPin
                0x08000ff4                HAL_GPIO_WritePin
                0x08001024                HAL_GPIO_TogglePin
                0x08001048                HAL_GPIO_LockPin
                0x08001098                HAL_GPIO_EXTI_IRQHandler
                0x080010c8                HAL_GPIO_EXTI_Callback
 .text.Reset_Handler
                0x080010dc       0x48 ..\obj\startup_stm32l151xba.o
                0x080010dc                Reset_Handler
 .text.Default_Handler
                0x08001124        0x2 ..\obj\startup_stm32l151xba.o
                0x08001124                RTC_Alarm_IRQHandler
                0x08001124                EXTI2_IRQHandler
                0x08001124                DebugMon_Handler
                0x08001124                HardFault_Handler
                0x08001124                TIM10_IRQHandler
                0x08001124                USB_HP_IRQHandler
                0x08001124                SysTick_Handler
                0x08001124                PVD_IRQHandler
                0x08001124                PendSV_Handler
                0x08001124                NMI_Handler
                0x08001124                EXTI3_IRQHandler
                0x08001124                EXTI0_IRQHandler
                0x08001124                I2C2_EV_IRQHandler
                0x08001124                UsageFault_Handler
                0x08001124                SPI1_IRQHandler
                0x08001124                USB_FS_WKUP_IRQHandler
                0x08001124                DMA1_Channel4_IRQHandler
                0x08001124                ADC1_IRQHandler
                0x08001124                USART3_IRQHandler
                0x08001124                DMA1_Channel7_IRQHandler
                0x08001124                TIM4_IRQHandler
                0x08001124                I2C1_EV_IRQHandler
                0x08001124                DMA1_Channel6_IRQHandler
                0x08001124                TIM3_IRQHandler
                0x08001124                RCC_IRQHandler
                0x08001124                DMA1_Channel1_IRQHandler
                0x08001124                Default_Handler
                0x08001124                EXTI15_10_IRQHandler
                0x08001124                TIM7_IRQHandler
                0x08001124                EXTI9_5_IRQHandler
                0x08001124                TIM9_IRQHandler
                0x08001124                TAMPER_STAMP_IRQHandler
                0x08001124                RTC_WKUP_IRQHandler
                0x08001124                SPI2_IRQHandler
                0x08001124                MemManage_Handler
                0x08001124                SVC_Handler
                0x08001124                DMA1_Channel5_IRQHandler
                0x08001124                USB_LP_IRQHandler
                0x08001124                EXTI4_IRQHandler
                0x08001124                DMA1_Channel3_IRQHandler
                0x08001124                COMP_IRQHandler
                0x08001124                WWDG_IRQHandler
                0x08001124                DAC_IRQHandler
                0x08001124                EXTI1_IRQHandler
                0x08001124                TIM11_IRQHandler
                0x08001124                USART2_IRQHandler
                0x08001124                I2C2_ER_IRQHandler
                0x08001124                DMA1_Channel2_IRQHandler
                0x08001124                FLASH_IRQHandler
                0x08001124                BusFault_Handler
                0x08001124                USART1_IRQHandler
                0x08001124                I2C1_ER_IRQHandler
 *fill*         0x08001126        0x2 
 .text          0x08001128      0x1c0 ..\obj\system_stm32l1xx.o
                0x08001128                SystemInit
                0x08001190                SystemCoreClockUpdate
 .text          0x080012e8       0x48 ..\obj\main.o
                0x080012e8                main
 .text          0x08001330      0x208 ..\obj\Keyboard.o
                0x08001330                KB_init
                0x080013d8                KB_work
                0x0800148c                KB_check
 .text          0x08001538       0x34 ..\obj\GPIO.o
                0x08001538                GPIO_Init
 .text.__libc_init_array
                0x0800156c       0x50 c:/program files (x86)/gnu tools arm embedded/5.4 2016q2/bin/../lib/gcc/arm-none-eabi/5.4.1/../../../../arm-none-eabi/lib/armv7-m\libg.a(lib_a-init.o)
                0x0800156c                __libc_init_array
 .text.startup.register_fini
                0x080015bc       0x14 c:/program files (x86)/gnu tools arm embedded/5.4 2016q2/bin/../lib/gcc/arm-none-eabi/5.4.1/../../../../arm-none-eabi/lib/armv7-m\libg.a(lib_a-__call_atexit.o)
 .text.atexit   0x080015d0        0xc c:/program files (x86)/gnu tools arm embedded/5.4 2016q2/bin/../lib/gcc/arm-none-eabi/5.4.1/../../../../arm-none-eabi/lib/armv7-m\libg.a(lib_a-atexit.o)
                0x080015d0                atexit
 .text.__libc_fini_array
                0x080015dc       0x28 c:/program files (x86)/gnu tools arm embedded/5.4 2016q2/bin/../lib/gcc/arm-none-eabi/5.4.1/../../../../arm-none-eabi/lib/armv7-m\libg.a(lib_a-fini.o)
                0x080015dc                __libc_fini_array
 .text.__register_exitproc
                0x08001604       0xa4 c:/program files (x86)/gnu tools arm embedded/5.4 2016q2/bin/../lib/gcc/arm-none-eabi/5.4.1/../../../../arm-none-eabi/lib/armv7-m\libg.a(lib_a-__atexit.o)
                0x08001604                __register_exitproc
 *(.init)
 .init          0x080016a8        0x4 c:/program files (x86)/gnu tools arm embedded/5.4 2016q2/bin/../lib/gcc/arm-none-eabi/5.4.1/armv7-m/crti.o
                0x080016a8                _init
 .init          0x080016ac        0x8 c:/program files (x86)/gnu tools arm embedded/5.4 2016q2/bin/../lib/gcc/arm-none-eabi/5.4.1/armv7-m/crtn.o
 *(.fini)
 .fini          0x080016b4        0x4 c:/program files (x86)/gnu tools arm embedded/5.4 2016q2/bin/../lib/gcc/arm-none-eabi/5.4.1/armv7-m/crti.o
                0x080016b4                _fini
 .fini          0x080016b8        0x8 c:/program files (x86)/gnu tools arm embedded/5.4 2016q2/bin/../lib/gcc/arm-none-eabi/5.4.1/armv7-m/crtn.o
 *crtbegin.o(.ctors)
 *crtbegin?.o(.ctors)
 *(EXCLUDE_FILE(*crtend.o *crtend?.o) .ctors)
 *(SORT(.ctors.*))
 *(.ctors)
 *crtbegin.o(.dtors)
 *crtbegin?.o(.dtors)
 *(EXCLUDE_FILE(*crtend.o *crtend?.o) .dtors)
 *(SORT(.dtors.*))
 *(.dtors)
 *(.rodata*)
 .rodata        0x080016c0      0x378 ..\obj\LCD_func.o
                0x080016c0                sym
 .rodata.str1.4
                0x08001a38        0x4 c:/program files (x86)/gnu tools arm embedded/5.4 2016q2/bin/../lib/gcc/arm-none-eabi/5.4.1/../../../../arm-none-eabi/lib/armv7-m\libg.a(lib_a-impure.o)
                                  0x2 (size before relaxing)
 .rodata._global_impure_ptr
                0x08001a3c        0x4 c:/program files (x86)/gnu tools arm embedded/5.4 2016q2/bin/../lib/gcc/arm-none-eabi/5.4.1/../../../../arm-none-eabi/lib/armv7-m\libg.a(lib_a-impure.o)
                0x08001a3c                _global_impure_ptr
 *(.eh_fram e*)

.eh_frame       0x08001a40        0x0
 .eh_frame      0x08001a40        0x0 c:/program files (x86)/gnu tools arm embedded/5.4 2016q2/bin/../lib/gcc/arm-none-eabi/5.4.1/armv7-m/crtbegin.o

.glue_7         0x08001a40        0x0
 .glue_7        0x08001a40        0x0 linker stubs

.glue_7t        0x08001a40        0x0
 .glue_7t       0x08001a40        0x0 linker stubs

.vfp11_veneer   0x08001a40        0x0
 .vfp11_veneer  0x08001a40        0x0 linker stubs

.v4_bx          0x08001a40        0x0
 .v4_bx         0x08001a40        0x0 linker stubs

.iplt           0x08001a40        0x0
 .iplt          0x08001a40        0x0 c:/program files (x86)/gnu tools arm embedded/5.4 2016q2/bin/../lib/gcc/arm-none-eabi/5.4.1/armv7-m/crtbegin.o

.rel.dyn        0x08001a40        0x0
 .rel.iplt      0x08001a40        0x0 c:/program files (x86)/gnu tools arm embedded/5.4 2016q2/bin/../lib/gcc/arm-none-eabi/5.4.1/armv7-m/crtbegin.o

.ARM.extab
 *(.ARM.extab* .gnu.linkonce.armextab.*)
                0x08001a40                __exidx_start = .

.ARM.exidx
 *(.ARM.exidx* .gnu.linkonce.armexidx.*)
                0x08001a40                __exidx_end = .
                0x08001a40                __etext = .
                0x08001a40                _sidata = __etext

.data           0x20000000      0xb78 load address 0x08001a40
                0x20000000                __data_start__ = .
                0x20000000                _sdata = __data_start__
 *(vtable)
 *(.data*)
 .data          0x20000000      0x6bc ..\obj\LCD_func.o
                0x20000000                HARD
                0x20000200                FL
                0x20000400                STANDUP1
                0x20000408                STANDUP2
                0x20000410                STANDUP3
                0x20000418                numbers
                0x20000468                BIG_CIRC
                0x200004a8                DOWN_MAN
                0x200004b8                symb
                0x200006ac                FULL_CIRC
                0x200006b4                EMPTY_CIRC
 .data          0x200006bc       0x20 ..\obj\system_stm32l1xx.o
                0x200006bc                SystemCoreClock
                0x200006c0                PLLMulTable
                0x200006cc                AHBPrescTable
 .data          0x200006dc        0x9 ..\obj\main.o
                0x200006dc                CURRENT_STATE
                0x200006dd                MAX_SHOT
                0x200006e0                TARGET
 *fill*         0x200006e5        0x3 
 .data          0x200006e8       0x51 ..\obj\Keyboard.o
                0x200006e8                KB_OUT
                0x20000708                KB_INP
                0x20000728                KB_keys
 *fill*         0x20000739        0x7 
 .data.impure_data
                0x20000740      0x428 c:/program files (x86)/gnu tools arm embedded/5.4 2016q2/bin/../lib/gcc/arm-none-eabi/5.4.1/../../../../arm-none-eabi/lib/armv7-m\libg.a(lib_a-impure.o)
                0x20000b68                . = ALIGN (0x4)
                0x20000b68                PROVIDE (__preinit_array_start, .)
 *(.preinit_array)
                0x20000b68                PROVIDE (__preinit_array_end, .)
                0x20000b68                . = ALIGN (0x4)
                0x20000b68                PROVIDE (__init_array_start, .)
 *(SORT(.init_array.*))
 .init_array.00000
                0x20000b68        0x4 c:/program files (x86)/gnu tools arm embedded/5.4 2016q2/bin/../lib/gcc/arm-none-eabi/5.4.1/../../../../arm-none-eabi/lib/armv7-m\libg.a(lib_a-__call_atexit.o)
 *(.init_array)
 .init_array    0x20000b6c        0x4 c:/program files (x86)/gnu tools arm embedded/5.4 2016q2/bin/../lib/gcc/arm-none-eabi/5.4.1/armv7-m/crtbegin.o
                0x20000b70                PROVIDE (__init_array_end, .)
                0x20000b70                . = ALIGN (0x4)
                0x20000b70                PROVIDE (__fini_array_start, .)
 *(SORT(.fini_array.*))
 *(.fini_array)
 .fini_array    0x20000b70        0x4 c:/program files (x86)/gnu tools arm embedded/5.4 2016q2/bin/../lib/gcc/arm-none-eabi/5.4.1/armv7-m/crtbegin.o
                0x20000b74                PROVIDE (__fini_array_end, .)
 *(.jcr*)
 .jcr           0x20000b74        0x0 c:/program files (x86)/gnu tools arm embedded/5.4 2016q2/bin/../lib/gcc/arm-none-eabi/5.4.1/armv7-m/crtbegin.o
 .jcr           0x20000b74        0x4 c:/program files (x86)/gnu tools arm embedded/5.4 2016q2/bin/../lib/gcc/arm-none-eabi/5.4.1/armv7-m/crtend.o
                0x20000b78                . = ALIGN (0x4)
                0x20000b78                __data_end__ = .
                0x20000b78                _edata = __data_end__

.igot.plt       0x20000b78        0x0 load address 0x080025b8
 .igot.plt      0x20000b78        0x0 c:/program files (x86)/gnu tools arm embedded/5.4 2016q2/bin/../lib/gcc/arm-none-eabi/5.4.1/armv7-m/crtbegin.o

.bss            0x20000b78       0x2c load address 0x080025b8
                0x20000b78                . = ALIGN (0x4)
                0x20000b78                __bss_start__ = .
                0x20000b78                _sbss = __bss_start__
 *(.bss*)
 .bss           0x20000b78       0x1c c:/program files (x86)/gnu tools arm embedded/5.4 2016q2/bin/../lib/gcc/arm-none-eabi/5.4.1/armv7-m/crtbegin.o
 .bss           0x20000b94        0xc ..\obj\TIMs.o
                0x20000b94                secons
                0x20000b98                min
                0x20000b9c                dsec
 .bss           0x20000ba0        0x1 ..\obj\main.o
                0x20000ba0                CURRENT_MODE
 *(COMMON)
                0x20000ba4                . = ALIGN (0x4)
 *fill*         0x20000ba1        0x3 
                0x20000ba4                __bss_end__ = .
                0x20000ba4                _ebss = __bss_end__

.heap           0x20000ba4        0x0
                0x20000ba4                __end__ = .
                0x20000ba4                _end = __end__
                0x20000ba4                end = __end__
 *(.heap*)
                0x20000ba4                __HeapLimit = .

.co_stack       0x20000ba4        0x4 load address 0x080025e4
                0x20000ba8                . = ALIGN (0x8)
 *fill*         0x20000ba4        0x4 
 *(.co_stack .co_stack.*)
                0x20002800                __StackTop = (ORIGIN (ram) + LENGTH (ram))
                0x200027fc                __StackLimit = (__StackTop - SIZEOF (.co_stack))
                0x20002800                PROVIDE (__stack, __StackTop)
                0x00000001                ASSERT ((__StackLimit >= __HeapLimit), region ram  overflowed with stack)
LOAD ..\obj\stm32l1xx_hal_rcc_ex.o
LOAD ..\obj\TIMs.o
LOAD ..\obj\stm32l1xx_hal_tim.o
LOAD ..\obj\stm32l1xx_hal_sram.o
LOAD ..\obj\stm32l1xx_hal_sd.o
LOAD ..\obj\stm32l1xx_hal_adc.o
LOAD ..\obj\stm32l1xx_hal_uart.o
LOAD ..\obj\stm32l1xx_hal_pcd_ex.o
LOAD ..\obj\stm32l1xx_hal_pcd.o
LOAD ..\obj\stm32l1xx_hal_spi_ex.o
LOAD ..\obj\stm32l1xx_hal_opamp.o
LOAD ..\obj\Clock.o
LOAD ..\obj\stm32l1xx_hal_comp.o
LOAD ..\obj\stm32l1xx_hal_iwdg.o
LOAD ..\obj\stm32l1xx_hal_flash_ramfunc.o
LOAD ..\obj\LCD_func.o
LOAD ..\obj\stm32l1xx_hal_cryp.o
LOAD ..\obj\stm32l1xx_hal_dac_ex.o
LOAD ..\obj\stm32l1xx_hal_tim_ex.o
LOAD ..\obj\stm32l1xx_hal_cryp_ex.o
LOAD ..\obj\stm32l1xx_ll_fsmc.o
LOAD ..\obj\stm32l1xx_hal_rcc.o
LOAD ..\obj\stm32l1xx_hal_opamp_ex.o
LOAD ..\obj\stm32l1xx_hal_gpio.o
LOAD ..\obj\stm32l1xx_hal_i2c.o
LOAD ..\obj\startup_stm32l151xba.o
LOAD ..\obj\stm32l1xx_hal_usart.o
LOAD ..\obj\stm32l1xx_hal_lcd.o
LOAD ..\obj\system_stm32l1xx.o
LOAD ..\obj\main.o
LOAD ..\obj\stm32l1xx_hal_flash.o
LOAD ..\obj\stm32l1xx_hal_rtc_ex.o
LOAD ..\obj\stm32l1xx_hal_i2s.o
LOAD ..\obj\stm32l1xx_hal_dac.o
LOAD ..\obj\stm32l1xx_hal_spi.o
LOAD ..\obj\stm32l1xx_hal_pwr_ex.o
LOAD ..\obj\stm32l1xx_hal_crc.o
LOAD ..\obj\stm32l1xx_hal_adc_ex.o
LOAD ..\obj\stm32l1xx_hal_nor.o
LOAD ..\obj\stm32l1xx_hal_pwr.o
LOAD ..\obj\stm32l1xx_hal.o
LOAD ..\obj\Keyboard.o
LOAD ..\obj\stm32l1xx_hal_smartcard.o
LOAD ..\obj\stm32l1xx_hal_rtc.o
LOAD ..\obj\stm32l1xx_ll_sdmmc.o
LOAD ..\obj\stm32l1xx_hal_dma.o
LOAD ..\obj\stm32l1xx_hal_cortex.o
LOAD ..\obj\stm32l1xx_hal_msp_template.o
LOAD ..\obj\stm32l1xx_hal_flash_ex.o
LOAD ..\obj\GPIO.o
LOAD ..\obj\stm32l1xx_hal_irda.o
LOAD ..\obj\stm32l1xx_hal_wwdg.o
START GROUP
LOAD c:/program files (x86)/gnu tools arm embedded/5.4 2016q2/bin/../lib/gcc/arm-none-eabi/5.4.1/armv7-m\libgcc.a
LOAD c:/program files (x86)/gnu tools arm embedded/5.4 2016q2/bin/../lib/gcc/arm-none-eabi/5.4.1/../../../../arm-none-eabi/lib/armv7-m\libg.a
LOAD c:/program files (x86)/gnu tools arm embedded/5.4 2016q2/bin/../lib/gcc/arm-none-eabi/5.4.1/../../../../arm-none-eabi/lib/armv7-m\libc.a
END GROUP
LOAD c:/program files (x86)/gnu tools arm embedded/5.4 2016q2/bin/../lib/gcc/arm-none-eabi/5.4.1/armv7-m/crtend.o
LOAD c:/program files (x86)/gnu tools arm embedded/5.4 2016q2/bin/../lib/gcc/arm-none-eabi/5.4.1/armv7-m/crtn.o
OUTPUT(LCD_MELT_STM32L151.elf elf32-littlearm)

.ARM.attributes
                0x00000000       0x29
 .ARM.attributes
                0x00000000       0x1d c:/program files (x86)/gnu tools arm embedded/5.4 2016q2/bin/../lib/gcc/arm-none-eabi/5.4.1/armv7-m/crti.o
 .ARM.attributes
                0x0000001d       0x2d c:/program files (x86)/gnu tools arm embedded/5.4 2016q2/bin/../lib/gcc/arm-none-eabi/5.4.1/armv7-m/crtbegin.o
 .ARM.attributes
                0x0000004a       0x33 ..\obj\TIMs.o
 .ARM.attributes
                0x0000007d       0x33 ..\obj\Clock.o
 .ARM.attributes
                0x000000b0       0x33 ..\obj\LCD_func.o
 .ARM.attributes
                0x000000e3       0x33 ..\obj\stm32l1xx_hal_gpio.o
 .ARM.attributes
                0x00000116       0x21 ..\obj\startup_stm32l151xba.o
 .ARM.attributes
                0x00000137       0x33 ..\obj\system_stm32l1xx.o
 .ARM.attributes
                0x0000016a       0x33 ..\obj\main.o
 .ARM.attributes
                0x0000019d       0x33 ..\obj\Keyboard.o
 .ARM.attributes
                0x000001d0       0x33 ..\obj\GPIO.o
 .ARM.attributes
                0x00000203       0x2d c:/program files (x86)/gnu tools arm embedded/5.4 2016q2/bin/../lib/gcc/arm-none-eabi/5.4.1/../../../../arm-none-eabi/lib/armv7-m\libg.a(lib_a-impure.o)
 .ARM.attributes
                0x00000230       0x2d c:/program files (x86)/gnu tools arm embedded/5.4 2016q2/bin/../lib/gcc/arm-none-eabi/5.4.1/../../../../arm-none-eabi/lib/armv7-m\libg.a(lib_a-init.o)
 .ARM.attributes
                0x0000025d       0x2d c:/program files (x86)/gnu tools arm embedded/5.4 2016q2/bin/../lib/gcc/arm-none-eabi/5.4.1/../../../../arm-none-eabi/lib/armv7-m\libg.a(lib_a-__call_atexit.o)
 .ARM.attributes
                0x0000028a       0x2d c:/program files (x86)/gnu tools arm embedded/5.4 2016q2/bin/../lib/gcc/arm-none-eabi/5.4.1/../../../../arm-none-eabi/lib/armv7-m\libg.a(lib_a-atexit.o)
 .ARM.attributes
                0x000002b7       0x2d c:/program files (x86)/gnu tools arm embedded/5.4 2016q2/bin/../lib/gcc/arm-none-eabi/5.4.1/../../../../arm-none-eabi/lib/armv7-m\libg.a(lib_a-fini.o)
 .ARM.attributes
                0x000002e4       0x2d c:/program files (x86)/gnu tools arm embedded/5.4 2016q2/bin/../lib/gcc/arm-none-eabi/5.4.1/../../../../arm-none-eabi/lib/armv7-m\libg.a(lib_a-__atexit.o)
 .ARM.attributes
                0x00000311       0x2d c:/program files (x86)/gnu tools arm embedded/5.4 2016q2/bin/../lib/gcc/arm-none-eabi/5.4.1/armv7-m/crtend.o
 .ARM.attributes
                0x0000033e       0x1d c:/program files (x86)/gnu tools arm embedded/5.4 2016q2/bin/../lib/gcc/arm-none-eabi/5.4.1/armv7-m/crtn.o

.comment        0x00000000       0x6e
 .comment       0x00000000       0x6e ..\obj\TIMs.o
                                 0x6f (size before relaxing)
 .comment       0x0000006e       0x6f ..\obj\Clock.o
 .comment       0x0000006e       0x6f ..\obj\LCD_func.o
 .comment       0x0000006e       0x6f ..\obj\stm32l1xx_hal_gpio.o
 .comment       0x0000006e       0x6f ..\obj\system_stm32l1xx.o
 .comment       0x0000006e       0x6f ..\obj\main.o
 .comment       0x0000006e       0x6f ..\obj\Keyboard.o
 .comment       0x0000006e       0x6f ..\obj\GPIO.o

.debug_info     0x00000000     0x21a7
 .debug_info    0x00000000      0x6ed ..\obj\TIMs.o
 .debug_info    0x000006ed      0x217 ..\obj\Clock.o
 .debug_info    0x00000904      0x75b ..\obj\LCD_func.o
 .debug_info    0x0000105f      0x5e0 ..\obj\stm32l1xx_hal_gpio.o
 .debug_info    0x0000163f       0xf3 ..\obj\startup_stm32l151xba.o
 .debug_info    0x00001732      0x40f ..\obj\system_stm32l1xx.o
 .debug_info    0x00001b41      0x18a ..\obj\main.o
 .debug_info    0x00001ccb      0x34f ..\obj\Keyboard.o
 .debug_info    0x0000201a      0x18d ..\obj\GPIO.o

.debug_abbrev   0x00000000      0xa54
 .debug_abbrev  0x00000000      0x1cd ..\obj\TIMs.o
 .debug_abbrev  0x000001cd       0x9b ..\obj\Clock.o
 .debug_abbrev  0x00000268      0x26e ..\obj\LCD_func.o
 .debug_abbrev  0x000004d6      0x1a1 ..\obj\stm32l1xx_hal_gpio.o
 .debug_abbrev  0x00000677       0x12 ..\obj\startup_stm32l151xba.o
 .debug_abbrev  0x00000689       0xff ..\obj\system_stm32l1xx.o
 .debug_abbrev  0x00000788       0xdc ..\obj\main.o
 .debug_abbrev  0x00000864      0x155 ..\obj\Keyboard.o
 .debug_abbrev  0x000009b9       0x9b ..\obj\GPIO.o

.debug_aranges  0x00000000      0x128
 .debug_aranges
                0x00000000       0x20 ..\obj\TIMs.o
 .debug_aranges
                0x00000020       0x20 ..\obj\Clock.o
 .debug_aranges
                0x00000040       0x20 ..\obj\LCD_func.o
 .debug_aranges
                0x00000060       0x20 ..\obj\stm32l1xx_hal_gpio.o
 .debug_aranges
                0x00000080       0x28 ..\obj\startup_stm32l151xba.o
 .debug_aranges
                0x000000a8       0x20 ..\obj\system_stm32l1xx.o
 .debug_aranges
                0x000000c8       0x20 ..\obj\main.o
 .debug_aranges
                0x000000e8       0x20 ..\obj\Keyboard.o
 .debug_aranges
                0x00000108       0x20 ..\obj\GPIO.o

.debug_line     0x00000000     0x15d7
 .debug_line    0x00000000      0x253 ..\obj\TIMs.o
 .debug_line    0x00000253      0x227 ..\obj\Clock.o
 .debug_line    0x0000047a      0x42a ..\obj\LCD_func.o
 .debug_line    0x000008a4      0x33d ..\obj\stm32l1xx_hal_gpio.o
 .debug_line    0x00000be1       0xdb ..\obj\startup_stm32l151xba.o
 .debug_line    0x00000cbc      0x21c ..\obj\system_stm32l1xx.o
 .debug_line    0x00000ed8      0x1fb ..\obj\main.o
 .debug_line    0x000010d3      0x2e8 ..\obj\Keyboard.o
 .debug_line    0x000013bb      0x21c ..\obj\GPIO.o

.debug_str      0x00000000      0xc7e
 .debug_str     0x00000000      0x5b4 ..\obj\TIMs.o
                                0x60f (size before relaxing)
 .debug_str     0x000005b4       0x7d ..\obj\Clock.o
                                0x20b (size before relaxing)
 .debug_str     0x00000631      0x228 ..\obj\LCD_func.o
                                0x3af (size before relaxing)
 .debug_str     0x00000859      0x1e1 ..\obj\stm32l1xx_hal_gpio.o
                                0x402 (size before relaxing)
 .debug_str     0x00000a3a      0x13b ..\obj\system_stm32l1xx.o
                                0x2e5 (size before relaxing)
 .debug_str     0x00000b75       0x4b ..\obj\main.o
                                0x1b9 (size before relaxing)
 .debug_str     0x00000bc0       0x84 ..\obj\Keyboard.o
                                0x25f (size before relaxing)
 .debug_str     0x00000c44       0x3a ..\obj\GPIO.o
                                0x1d2 (size before relaxing)

.debug_frame    0x00000000      0x740
 .debug_frame   0x00000000      0x120 ..\obj\TIMs.o
 .debug_frame   0x00000120       0x30 ..\obj\Clock.o
 .debug_frame   0x00000150      0x26c ..\obj\LCD_func.o
 .debug_frame   0x000003bc      0x14c ..\obj\stm32l1xx_hal_gpio.o
 .debug_frame   0x00000508       0x58 ..\obj\system_stm32l1xx.o
 .debug_frame   0x00000560       0x2c ..\obj\main.o
 .debug_frame   0x0000058c       0x80 ..\obj\Keyboard.o
 .debug_frame   0x0000060c       0x30 ..\obj\GPIO.o
 .debug_frame   0x0000063c       0x2c c:/program files (x86)/gnu tools arm embedded/5.4 2016q2/bin/../lib/gcc/arm-none-eabi/5.4.1/../../../../arm-none-eabi/lib/armv7-m\libg.a(lib_a-init.o)
 .debug_frame   0x00000668       0x50 c:/program files (x86)/gnu tools arm embedded/5.4 2016q2/bin/../lib/gcc/arm-none-eabi/5.4.1/../../../../arm-none-eabi/lib/armv7-m\libg.a(lib_a-__call_atexit.o)
 .debug_frame   0x000006b8       0x20 c:/program files (x86)/gnu tools arm embedded/5.4 2016q2/bin/../lib/gcc/arm-none-eabi/5.4.1/../../../../arm-none-eabi/lib/armv7-m\libg.a(lib_a-atexit.o)
 .debug_frame   0x000006d8       0x34 c:/program files (x86)/gnu tools arm embedded/5.4 2016q2/bin/../lib/gcc/arm-none-eabi/5.4.1/../../../../arm-none-eabi/lib/armv7-m\libg.a(lib_a-fini.o)
 .debug_frame   0x0000070c       0x34 c:/program files (x86)/gnu tools arm embedded/5.4 2016q2/bin/../lib/gcc/arm-none-eabi/5.4.1/../../../../arm-none-eabi/lib/armv7-m\libg.a(lib_a-__atexit.o)

.debug_ranges   0x00000000       0x20
 .debug_ranges  0x00000000       0x20 ..\obj\startup_stm32l151xba.o
